// Jest Snapshot v1, https://goo.gl/fbAQLP

exports[`AppComponent should match the snapshot 1`] = `
<babdev-root
  isBrowser={[Function Boolean]}
  isMobile="false"
  platformId={[Function String]}
  sidebar={[Function ElementRef]}
  title={[Function String]}
  translateService={[Function TranslateServiceMock]}
>
  <babdev-sidebar
    class="ng-tns-c1-0"
  >
    
    <babdev-page-list
      class="ng-tns-c1-0"
    />
    <div
      class="page"
      pagecontent=""
    >
      <header
        class="ng-tns-c1-0"
      >
         header 
      </header>
      <main
        class="page__content"
      >
        <div
          class="page__router ng-trigger ng-trigger-routerAnimations ng-animating"
          style=""
        >
          <router-outlet
            class="ng-tns-c1-0"
          />
        </div>
      </main>
      <footer
        class="ng-tns-c1-0"
      >
         footer 
      </footer>
    </div>
  </babdev-sidebar>
</babdev-root>
`;
